=== 1. Etat Git avant build ===
?? build_logs/
=== 2. Vérification secrets Android ignorés ===
=== 3. Pub get ===
Expected to find project root in current working directory.
=== 4. Analyse Flutter ===
Analyzing moneypullup...                                        
No issues found! (ran in 6.2s)
=== 5. Build web release ===
Error: No pubspec.yaml file found.
This command should be run from the root of your Flutter project.
=== 6. Add / Commit / Push ===
A  build_logs/add_commit_push_build_deploy_20260610_035152.log
[main 5ea1482] chore: update app and deploy
 Author: stef25fwi <sahai.stephane@gmail.com>
 1 file changed, 12 insertions(+)
 create mode 100644 build_logs/add_commit_push_build_deploy_20260610_035152.log
To https://github.com/stef25fwi/moneypullup
 ! [rejected]        main -> main (non-fast-forward)
error: failed to push some refs to 'https://github.com/stef25fwi/moneypullup'
hint: Updates were rejected because the tip of your current branch is behind
hint: its remote counterpart. If you want to integrate the remote changes,
hint: use 'git pull' before pushing again.
hint: See the 'Note about fast-forwards' in 'git push --help' for details.
=== 7. Firebase deploy hosting ===
bash: firebase: command not found
